=== Django ORM Benchmark Report (20251104_142336) ===

Running bench-5k
docker exec -it crm_web python manage.py benchmark_queries --limit 5000

Running ORM benchmark for 5000 users (5× repeats)...

Join      : opt=0.029s (0q), plain=0.023s (1q), Δ=0.005s slower
Filter    : opt=0.022s (1q), plain=0.023s (1q), Δ=0.001s faster
Order     : opt=0.118s (1q), plain=0.022s (1q), Δ=0.096s slower
Paginate  : opt=0.004s (1q), plain=0.004s (1q), Δ=0.000s faster

Benchmark completed.


================================================================================

Running bench-10k
docker exec -it crm_web python manage.py benchmark_queries --limit 10000

Running ORM benchmark for 10000 users (5× repeats)...

Join      : opt=0.051s (0q), plain=0.044s (1q), Δ=0.007s slower
Filter    : opt=0.052s (1q), plain=0.053s (1q), Δ=0.001s faster
Order     : opt=0.085s (1q), plain=0.052s (1q), Δ=0.033s slower
Paginate  : opt=0.004s (1q), plain=0.004s (1q), Δ=0.000s slower

Benchmark completed.


================================================================================

Running bench-50k
docker exec -it crm_web python manage.py benchmark_queries --limit 50000

Running ORM benchmark for 50000 users (5× repeats)...

Join      : opt=0.283s (0q), plain=0.213s (1q), Δ=0.070s slower
Filter    : opt=0.271s (1q), plain=0.325s (1q), Δ=0.054s faster
Order     : opt=0.366s (1q), plain=0.291s (1q), Δ=0.075s slower
Paginate  : opt=0.004s (1q), plain=0.004s (1q), Δ=0.000s faster

Benchmark completed.


================================================================================

Running bench-500k
[ERROR] bench-500k failed:
make: *** [bench-500k] Error 137


================================================================================

Running bench-1M
[ERROR] bench-1M failed:
make: *** [bench-1M] Error 137


================================================================================
